Archive member included to satisfy reference by file (symbol)

C:/Users/JerryXie/AppData/Local/stm32cube/bundles/gnu-tools-for-stm32/13.3.1+st.9/bin/../lib/gcc/arm-none-eabi/13.3.1/../../../../arm-none-eabi/lib/thumb/v7-m/nofp\libc_nano.a(libc_a-exit.o)
                              C:/Users/JerryXie/AppData/Local/stm32cube/bundles/gnu-tools-for-stm32/13.3.1+st.9/bin/../lib/gcc/arm-none-eabi/13.3.1/../../../../arm-none-eabi/lib/thumb/v7-m/nofp/crt0.o (exit)
C:/Users/JerryXie/AppData/Local/stm32cube/bundles/gnu-tools-for-stm32/13.3.1+st.9/bin/../lib/gcc/arm-none-eabi/13.3.1/../../../../arm-none-eabi/lib/thumb/v7-m/nofp\libc_nano.a(libc_a-findfp.o)
                              C:/Users/JerryXie/AppData/Local/stm32cube/bundles/gnu-tools-for-stm32/13.3.1+st.9/bin/../lib/gcc/arm-none-eabi/13.3.1/../../../../arm-none-eabi/lib/thumb/v7-m/nofp\libc_nano.a(libc_a-exit.o) (__stdio_exit_handler)
C:/Users/JerryXie/AppData/Local/stm32cube/bundles/gnu-tools-for-stm32/13.3.1+st.9/bin/../lib/gcc/arm-none-eabi/13.3.1/../../../../arm-none-eabi/lib/thumb/v7-m/nofp\libc_nano.a(libc_a-fwalk.o)
                              C:/Users/JerryXie/AppData/Local/stm32cube/bundles/gnu-tools-for-stm32/13.3.1+st.9/bin/../lib/gcc/arm-none-eabi/13.3.1/../../../../arm-none-eabi/lib/thumb/v7-m/nofp\libc_nano.a(libc_a-findfp.o) (_fwalk_sglue)
C:/Users/JerryXie/AppData/Local/stm32cube/bundles/gnu-tools-for-stm32/13.3.1+st.9/bin/../lib/gcc/arm-none-eabi/13.3.1/../../../../arm-none-eabi/lib/thumb/v7-m/nofp\libc_nano.a(libc_a-stdio.o)
                              C:/Users/JerryXie/AppData/Local/stm32cube/bundles/gnu-tools-for-stm32/13.3.1+st.9/bin/../lib/gcc/arm-none-eabi/13.3.1/../../../../arm-none-eabi/lib/thumb/v7-m/nofp\libc_nano.a(libc_a-findfp.o) (__sread)
C:/Users/JerryXie/AppData/Local/stm32cube/bundles/gnu-tools-for-stm32/13.3.1+st.9/bin/../lib/gcc/arm-none-eabi/13.3.1/../../../../arm-none-eabi/lib/thumb/v7-m/nofp\libc_nano.a(libc_a-memset.o)
                              C:/Users/JerryXie/AppData/Local/stm32cube/bundles/gnu-tools-for-stm32/13.3.1+st.9/bin/../lib/gcc/arm-none-eabi/13.3.1/../../../../arm-none-eabi/lib/thumb/v7-m/nofp/crt0.o (memset)
C:/Users/JerryXie/AppData/Local/stm32cube/bundles/gnu-tools-for-stm32/13.3.1+st.9/bin/../lib/gcc/arm-none-eabi/13.3.1/../../../../arm-none-eabi/lib/thumb/v7-m/nofp\libc_nano.a(libc_a-closer.o)
                              C:/Users/JerryXie/AppData/Local/stm32cube/bundles/gnu-tools-for-stm32/13.3.1+st.9/bin/../lib/gcc/arm-none-eabi/13.3.1/../../../../arm-none-eabi/lib/thumb/v7-m/nofp\libc_nano.a(libc_a-stdio.o) (_close_r)
C:/Users/JerryXie/AppData/Local/stm32cube/bundles/gnu-tools-for-stm32/13.3.1+st.9/bin/../lib/gcc/arm-none-eabi/13.3.1/../../../../arm-none-eabi/lib/thumb/v7-m/nofp\libc_nano.a(libc_a-reent.o)
                              C:/Users/JerryXie/AppData/Local/stm32cube/bundles/gnu-tools-for-stm32/13.3.1+st.9/bin/../lib/gcc/arm-none-eabi/13.3.1/../../../../arm-none-eabi/lib/thumb/v7-m/nofp\libc_nano.a(libc_a-closer.o) (errno)
C:/Users/JerryXie/AppData/Local/stm32cube/bundles/gnu-tools-for-stm32/13.3.1+st.9/bin/../lib/gcc/arm-none-eabi/13.3.1/../../../../arm-none-eabi/lib/thumb/v7-m/nofp\libc_nano.a(libc_a-impure.o)
                              C:/Users/JerryXie/AppData/Local/stm32cube/bundles/gnu-tools-for-stm32/13.3.1+st.9/bin/../lib/gcc/arm-none-eabi/13.3.1/../../../../arm-none-eabi/lib/thumb/v7-m/nofp\libc_nano.a(libc_a-reent.o) (_impure_ptr)
C:/Users/JerryXie/AppData/Local/stm32cube/bundles/gnu-tools-for-stm32/13.3.1+st.9/bin/../lib/gcc/arm-none-eabi/13.3.1/../../../../arm-none-eabi/lib/thumb/v7-m/nofp\libc_nano.a(libc_a-lseekr.o)
                              C:/Users/JerryXie/AppData/Local/stm32cube/bundles/gnu-tools-for-stm32/13.3.1+st.9/bin/../lib/gcc/arm-none-eabi/13.3.1/../../../../arm-none-eabi/lib/thumb/v7-m/nofp\libc_nano.a(libc_a-stdio.o) (_lseek_r)
C:/Users/JerryXie/AppData/Local/stm32cube/bundles/gnu-tools-for-stm32/13.3.1+st.9/bin/../lib/gcc/arm-none-eabi/13.3.1/../../../../arm-none-eabi/lib/thumb/v7-m/nofp\libc_nano.a(libc_a-readr.o)
                              C:/Users/JerryXie/AppData/Local/stm32cube/bundles/gnu-tools-for-stm32/13.3.1+st.9/bin/../lib/gcc/arm-none-eabi/13.3.1/../../../../arm-none-eabi/lib/thumb/v7-m/nofp\libc_nano.a(libc_a-stdio.o) (_read_r)
C:/Users/JerryXie/AppData/Local/stm32cube/bundles/gnu-tools-for-stm32/13.3.1+st.9/bin/../lib/gcc/arm-none-eabi/13.3.1/../../../../arm-none-eabi/lib/thumb/v7-m/nofp\libc_nano.a(libc_a-writer.o)
                              C:/Users/JerryXie/AppData/Local/stm32cube/bundles/gnu-tools-for-stm32/13.3.1+st.9/bin/../lib/gcc/arm-none-eabi/13.3.1/../../../../arm-none-eabi/lib/thumb/v7-m/nofp\libc_nano.a(libc_a-stdio.o) (_write_r)
C:/Users/JerryXie/AppData/Local/stm32cube/bundles/gnu-tools-for-stm32/13.3.1+st.9/bin/../lib/gcc/arm-none-eabi/13.3.1/../../../../arm-none-eabi/lib/thumb/v7-m/nofp\libc_nano.a(libc_a-init.o)
[...]
Memory Configuration

Name             Origin             Length             Attributes
RAM              0x20000000         0x00005000         xrw
FLASH            0x08000000         0x00010000         xr
*default*        0x00000000         0xffffffff

Linker script and memory map

LOAD C:/Users/JerryXie/AppData/Local/stm32cube/bundles/gnu-tools-for-stm32/13.3.1+st.9/bin/../lib/gcc/arm-none-eabi/13.3.1/thumb/v7-m/nofp/crti.o
LOAD C:/Users/JerryXie/AppData/Local/stm32cube/bundles/gnu-tools-for-stm32/13.3.1+st.9/bin/../lib/gcc/arm-none-eabi/13.3.1/thumb/v7-m/nofp/crtbegin.o
LOAD C:/Users/JerryXie/AppData/Local/stm32cube/bundles/gnu-tools-for-stm32/13.3.1+st.9/bin/../lib/gcc/arm-none-eabi/13.3.1/../../../../arm-none-eabi/lib/thumb/v7-m/nofp/crt0.o
START GROUP
LOAD C:/Users/JerryXie/AppData/Local/stm32cube/bundles/gnu-tools-for-stm32/13.3.1+st.9/bin/../lib/gcc/arm-none-eabi/13.3.1/../../../../arm-none-eabi/lib/thumb/v7-m/nofp\libc_nano.a
LOAD C:/Users/JerryXie/AppData/Local/stm32cube/bundles/gnu-tools-for-stm32/13.3.1+st.9/bin/../lib/gcc/arm-none-eabi/13.3.1/../../../../arm-none-eabi/lib/thumb/v7-m/nofp\libm.a
END GROUP
LOAD CMakeFiles/LED.dir/Core/Src/WS2812.c.obj
LOAD CMakeFiles/LED.dir/Core/Src/dma.c.obj
LOAD CMakeFiles/LED.dir/Core/Src/gpio.c.obj
LOAD CMakeFiles/LED.dir/Core/Src/main.c.obj
LOAD CMakeFiles/LED.dir/Core/Src/stm32f1xx_hal_msp.c.obj
LOAD CMakeFiles/LED.dir/Core/Src/stm32f1xx_it.c.obj
LOAD CMakeFiles/LED.dir/Core/Src/syscalls.c.obj
LOAD CMakeFiles/LED.dir/Core/Src/sysmem.c.obj
LOAD CMakeFiles/LED.dir/Core/Src/system_stm32f1xx.c.obj
LOAD CMakeFiles/LED.dir/Core/Src/tim.c.obj
LOAD CMakeFiles/LED.dir/Drivers/STM32F1xx_HAL_Driver/Src/stm32f1xx_hal_gpio_ex.c.obj
LOAD CMakeFiles/LED.dir/Drivers/STM32F1xx_HAL_Driver/Src/stm32f1xx_hal_tim.c.obj
LOAD CMakeFiles/LED.dir/Drivers/STM32F1xx_HAL_Driver/Src/stm32f1xx_hal_tim_ex.c.obj
LOAD CMakeFiles/LED.dir/Drivers/STM32F1xx_HAL_Driver/Src/stm32f1xx_hal.c.obj
LOAD CMakeFiles/LED.dir/Drivers/STM32F1xx_HAL_Driver/Src/stm32f1xx_hal_rcc.c.obj
LOAD CMakeFiles/LED.dir/Drivers/STM32F1xx_HAL_Driver/Src/stm32f1xx_hal_rcc_ex.c.obj
LOAD CMakeFiles/LED.dir/Drivers/STM32F1xx_HAL_Driver/Src/stm32f1xx_hal_gpio.c.obj
LOAD CMakeFiles/LED.dir/Drivers/STM32F1xx_HAL_Driver/Src/stm32f1xx_hal_dma.c.obj
LOAD CMakeFiles/LED.dir/Drivers/STM32F1xx_HAL_Driver/Src/stm32f1xx_hal_cortex.c.obj
LOAD CMakeFiles/LED.dir/Drivers/STM32F1xx_HAL_Driver/Src/stm32f1xx_hal_pwr.c.obj
LOAD CMakeFiles/LED.dir/Drivers/STM32F1xx_HAL_Driver/Src/stm32f1xx_hal_flash.c.obj
LOAD CMakeFiles/LED.dir/Drivers/STM32F1xx_HAL_Driver/Src/stm32f1xx_hal_flash_ex.c.obj
LOAD CMakeFiles/LED.dir/Drivers/STM32F1xx_HAL_Driver/Src/stm32f1xx_hal_exti.c.obj
LOAD CMakeFiles/LED.dir/startup_stm32f103xb.s.obj
START GROUP
LOAD C:/Users/JerryXie/AppData/Local/stm32cube/bundles/gnu-tools-for-stm32/13.3.1+st.9/bin/../lib/gcc/arm-none-eabi/13.3.1/thumb/v7-m/nofp\libgcc.a
LOAD C:/Users/JerryXie/AppData/Local/stm32cube/bundles/gnu-tools-for-stm32/13.3.1+st.9/bin/../lib/gcc/arm-none-eabi/13.3.1/../../../../arm-none-eabi/lib/thumb/v7-m/nofp\libg_nano.a
LOAD C:/Users/JerryXie/AppData/Local/stm32cube/bundles/gnu-tools-for-stm32/13.3.1+st.9/bin/../lib/gcc/arm-none-eabi/13.3.1/../../../../arm-none-eabi/lib/thumb/v7-m/nofp\libc_nano.a
END GROUP
START GROUP
LOAD C:/Users/JerryXie/AppData/Local/stm32cube/bundles/gnu-tools-for-stm32/13.3.1+st.9/bin/../lib/gcc/arm-none-eabi/13.3.1/thumb/v7-m/nofp\libgcc.a
LOAD C:/Users/JerryXie/AppData/Local/stm32cube/bundles/gnu-tools-for-stm32/13.3.1+st.9/bin/../lib/gcc/arm-none-eabi/13.3.1/../../../../arm-none-eabi/lib/thumb/v7-m/nofp\libc_nano.a
END GROUP
LOAD C:/Users/JerryXie/AppData/Local/stm32cube/bundles/gnu-tools-for-stm32/13.3.1+st.9/bin/../lib/gcc/arm-none-eabi/13.3.1/thumb/v7-m/nofp/crtend.o
LOAD C:/Users/JerryXie/AppData/Local/stm32cube/bundles/gnu-tools-for-stm32/13.3.1+st.9/bin/../lib/gcc/arm-none-eabi/13.3.1/thumb/v7-m/nofp/crtn.o
                0x20005000                        _estack = (ORIGIN (RAM) + LENGTH (RAM))
                0x00000200                        _Min_Heap_Size = 0x200
                0x00000400                        _Min_Stack_Size = 0x400

.isr_vector     0x08000000      0x10c
                0x08000000                        . = ALIGN (0x4)
 *(.isr_vector)
 .isr_vector    0x08000000      0x10c CMakeFiles/LED.dir/startup_stm32f103xb.s.obj
                0x08000000                g_pfnVectors
                0x0800010c                        . = ALIGN (0x4)

.text           0x0800010c     0x4594
                0x0800010c                        . = ALIGN (0x4)
 *(.text)
 .text          0x0800010c       0x40 C:/Users/JerryXie/AppData/Local/stm32cube/bundles/gnu-tools-for-stm32/13.3.1+st.9/bin/../lib/gcc/arm-none-eabi/13.3.1/thumb/v7-m/nofp/crtbegin.o
 .text          0x0800014c      0x21c C:/Users/JerryXie/AppData/Local/stm32cube/bundles/gnu-tools-for-stm32/13.3.1+st.9/bin/../lib/gcc/arm-none-eabi/13.3.1/thumb/v7-m/nofp\libgcc.a(_arm_addsubsf3.o)
                0x0800014c                __aeabi_frsub
                0x08000154                __subsf3
                0x08000154                __aeabi_fsub
                0x08000158                __aeabi_fadd
                0x08000158                __addsf3
                0x080002b8                __aeabi_ui2f
                0x080002b8                __floatunsisf
                0x080002c0                __aeabi_i2f
                0x080002c0                __floatsisf
                0x080002dc                __aeabi_ul2f
                0x080002dc                __floatundisf
                0x080002ec                __aeabi_l2f
                0x080002ec                __floatdisf
 .text          0x08000368      0x2a0 C:/Users/JerryXie/AppData/Local/stm32cube/bundles/gnu-tools-for-stm32/13.3.1+st.9/bin/../lib/gcc/arm-none-eabi/13.3.1/thumb/v7-m/nofp\libgcc.a(_arm_muldivsf3.o)
                0x08000368                __mulsf3
                0x08000368                __aeabi_fmul
                0x080004d0                __aeabi_fdiv
                0x080004d0                __divsf3
 .text          0x08000608       0xec C:/Users/JerryXie/AppData/Local/stm32cube/bundles/gnu-tools-for-stm32/13.3.1+st.9/bin/../lib/gcc/arm-none-eabi/13.3.1/thumb/v7-m/nofp\libgcc.a(_arm_cmpsf2.o)
                0x08000608                __gesf2
                0x08000608                __gtsf2
                0x08000610                __lesf2
                0x08000610                __ltsf2
                0x08000618                __nesf2
                0x08000618                __eqsf2
                0x08000618                __cmpsf2
                0x08000678                __aeabi_cfrcmple
                0x08000680                __aeabi_cfcmpeq
                0x08000680                __aeabi_cfcmple
                0x08000690                __aeabi_fcmpeq
                0x080006a4                __aeabi_fcmplt
                0x080006b8                __aeabi_fcmple
                0x080006cc                __aeabi_fcmpge
                0x080006e0                __aeabi_fcmpgt
 .text          0x080006f4       0x40 C:/Users/JerryXie/AppData/Local/stm32cube/bundles/gnu-tools-for-stm32/13.3.1+st.9/bin/../lib/gcc/arm-none-eabi/13.3.1/thumb/v7-m/nofp\libgcc.a(_arm_fixunssfsi.o)
                0x080006f4                __fixunssfsi
                0x080006f4                __aeabi_f2uiz
 .text          0x08000734       0x4c C:/Users/JerryXie/AppData/Local/stm32cube/bundles/gnu-tools-for-stm32/13.3.1+st.9/bin/../lib/gcc/arm-none-eabi/13.3.1/thumb/v7-m/nofp\libgcc.a(_arm_fixsfsi.o)
                0x08000734                __aeabi_f2iz
                0x08000734                __fixsfsi
 *(.text*)
 .text.memset   0x08000780       0x10 C:/Users/JerryXie/AppData/Local/stm32cube/bundles/gnu-tools-for-stm32/13.3.1+st.9/bin/../lib/gcc/arm-none-eabi/13.3.1/../../../../arm-none-eabi/lib/thumb/v7-m/nofp\libc_nano.a(libc_a-memset.o)
                0x08000780                memset
 .text.__libc_init_array
                0x08000790       0x48 C:/Users/JerryXie/AppData/Local/stm32cube/bundles/gnu-tools-for-stm32/13.3.1+st.9/bin/../lib/gcc/arm-none-eabi/13.3.1/../../../../arm-none-eabi/lib/thumb/v7-m/nofp\libc_nano.a(libc_a-init.o)
                0x08000790                __libc_init_array
 .text.ws2812_update
                0x080007d8      0x110 CMakeFiles/LED.dir/Core/Src/WS2812.c.obj
                0x080007d8                ws2812_update
 .text.ws2812_wait_dma
                0x080008e8       0x48 CMakeFiles/LED.dir/Core/Src/WS2812.c.obj
                0x080008e8                ws2812_wait_dma
 .text.HAL_TIM_PWM_PulseFinishedCallback
                0x08000930       0x30 CMakeFiles/LED.dir/Core/Src/WS2812.c.obj
                0x08000930                HAL_TIM_PWM_PulseFinishedCallback
 .text.ws2812_set_rgb
                0x08000960       0x40 CMakeFiles/LED.dir/Core/Src/WS2812.c.obj
                0x08000960                ws2812_set_rgb
 .text.ws2812_set_all
                0x080009a0       0x34 CMakeFiles/LED.dir/Core/Src/WS2812.c.obj
                0x080009a0                ws2812_set_all
 .text.ws2812_set_all_white
                0x080009d4       0x7c CMakeFiles/LED.dir/Core/Src/WS2812.c.obj
                0x080009d4                ws2812_set_all_white
 .text.ws2812_Init
                0x08000a50       0x30 CMakeFiles/LED.dir/Core/Src/WS2812.c.obj
                0x08000a50                ws2812_Init
 .text.ws2812_running_rainbow_cycle
                0x08000a80      0x148 CMakeFiles/LED.dir/Core/Src/WS2812.c.obj
                0x08000a80                ws2812_running_rainbow_cycle
 .text.rgb_to_color
                0x08000bc8       0x2a CMakeFiles/LED.dir/Core/Src/WS2812.c.obj
                0x08000bc8                rgb_to_color
 .text.color_to_rgb
                0x08000bf2       0x34 CMakeFiles/LED.dir/Core/Src/WS2812.c.obj
                0x08000bf2                color_to_rgb
 .text.rainbow_color
                0x08000c26      0x12a CMakeFiles/LED.dir/Core/Src/WS2812.c.obj
                0x08000c26                rainbow_color
 .text.MX_DMA_Init
                0x08000d50       0x3c CMakeFiles/LED.dir/Core/Src/dma.c.obj
                0x08000d50                MX_DMA_Init
 .text.MX_GPIO_Init
                0x08000d8c       0xcc CMakeFiles/LED.dir/Core/Src/gpio.c.obj
                0x08000d8c                MX_GPIO_Init
 .text.main     0x08000e58      0x4a0 CMakeFiles/LED.dir/Core/Src/main.c.obj
                0x08000e58                main
 .text.SystemClock_Config
                0x080012f8       0x8a CMakeFiles/LED.dir/Core/Src/main.c.obj
                0x080012f8                SystemClock_Config
 .text.Error_Handler
                0x08001382        0xc CMakeFiles/LED.dir/Core/Src/main.c.obj
                0x08001382                Error_Handler
 *fill*         0x0800138e        0x2 
 .text.HAL_MspInit
                0x08001390       0x64 CMakeFiles/LED.dir/Core/Src/stm32f1xx_hal_msp.c.obj
                0x08001390                HAL_MspInit
 .text.NMI_Handler
                0x080013f4        0x8 CMakeFiles/LED.dir/Core/Src/stm32f1xx_it.c.obj
                0x080013f4                NMI_Handler
 .text.HardFault_Handler
                0x080013fc        0x8 CMakeFiles/LED.dir/Core/Src/stm32f1xx_it.c.obj
                0x080013fc                HardFault_Handler
 .text.MemManage_Handler
                0x08001404        0x8 CMakeFiles/LED.dir/Core/Src/stm32f1xx_it.c.obj
                0x08001404                MemManage_Handler
 .text.BusFault_Handler
                0x0800140c        0x8 CMakeFiles/LED.dir/Core/Src/stm32f1xx_it.c.obj
                0x0800140c                BusFault_Handler
 .text.UsageFault_Handler
                0x08001414        0x8 CMakeFiles/LED.dir/Core/Src/stm32f1xx_it.c.obj
                0x08001414                UsageFault_Handler
 .text.SVC_Handler
                0x0800141c        0xc CMakeFiles/LED.dir/Core/Src/stm32f1xx_it.c.obj
                0x0800141c                SVC_Handler
 .text.DebugMon_Handler
                0x08001428        0xc CMakeFiles/LED.dir/Core/Src/stm32f1xx_it.c.obj
                0x08001428                DebugMon_Handler
 .text.PendSV_Handler
                0x08001434        0xc CMakeFiles/LED.dir/Core/Src/stm32f1xx_it.c.obj
                0x08001434                PendSV_Handler
 .text.SysTick_Handler
                0x08001440        0xc CMakeFiles/LED.dir/Core/Src/stm32f1xx_it.c.obj
                0x08001440                SysTick_Handler
 .text.DMA1_Channel6_IRQHandler
                0x0800144c       0x14 CMakeFiles/LED.dir/Core/Src/stm32f1xx_it.c.obj
                0x0800144c                DMA1_Channel6_IRQHandler
 .text.SystemInit
                0x08001460        0xc CMakeFiles/LED.dir/Core/Src/system_stm32f1xx.c.obj
                0x08001460                SystemInit
 .text.MX_TIM3_Init
                0x0800146c       0xec CMakeFiles/LED.dir/Core/Src/tim.c.obj
                0x0800146c                MX_TIM3_Init
 .text.HAL_TIM_Base_MspInit
                0x08001558       0xa0 CMakeFiles/LED.dir/Core/Src/tim.c.obj
                0x08001558                HAL_TIM_Base_MspInit
 .text.HAL_TIM_MspPostInit
                0x080015f8       0x8c CMakeFiles/LED.dir/Core/Src/tim.c.obj
                0x080015f8                HAL_TIM_MspPostInit
 .text.HAL_TIM_Base_Init
                0x08001684       0x9e CMakeFiles/LED.dir/Drivers/STM32F1xx_HAL_Driver/Src/stm32f1xx_hal_tim.c.obj
                0x08001684                HAL_TIM_Base_Init
 .text.HAL_TIM_PWM_Init
                0x08001722       0x9e CMakeFiles/LED.dir/Drivers/STM32F1xx_HAL_Driver/Src/stm32f1xx_hal_tim.c.obj
                0x08001722                HAL_TIM_PWM_Init
 .text.HAL_TIM_PWM_MspInit
                0x080017c0       0x12 CMakeFiles/LED.dir/Drivers/STM32F1xx_HAL_Driver/Src/stm32f1xx_hal_tim.c.obj
                0x080017c0                HAL_TIM_PWM_MspInit
 *fill*         0x080017d2        0x2 
 .text.HAL_TIM_PWM_Start_DMA
                0x080017d4      0x344 CMakeFiles/LED.dir/Drivers/STM32F1xx_HAL_Driver/Src/stm32f1xx_hal_tim.c.obj
                0x080017d4                HAL_TIM_PWM_Start_DMA
 .text.HAL_TIM_PWM_Stop_DMA
                0x08001b18      0x18c CMakeFiles/LED.dir/Drivers/STM32F1xx_HAL_Driver/Src/stm32f1xx_hal_tim.c.obj
                0x08001b18                HAL_TIM_PWM_Stop_DMA
 .text.HAL_TIM_PWM_ConfigChannel
                0x08001ca4      0x184 CMakeFiles/LED.dir/Drivers/STM32F1xx_HAL_Driver/Src/stm32f1xx_hal_tim.c.obj
                0x08001ca4                HAL_TIM_PWM_ConfigChannel
 .text.HAL_TIM_ConfigClockSource
                0x08001e28      0x18e CMakeFiles/LED.dir/Drivers/STM32F1xx_HAL_Driver/Src/stm32f1xx_hal_tim.c.obj
                0x08001e28                HAL_TIM_ConfigClockSource
 .text.HAL_TIM_PWM_PulseFinishedHalfCpltCallback
                0x08001fb6       0x12 CMakeFiles/LED.dir/Drivers/STM32F1xx_HAL_Driver/Src/stm32f1xx_hal_tim.c.obj
                0x08001fb6                HAL_TIM_PWM_PulseFinishedHalfCpltCallback
 .text.HAL_TIM_ErrorCallback
                0x08001fc8       0x12 CMakeFiles/LED.dir/Drivers/STM32F1xx_HAL_Driver/Src/stm32f1xx_hal_tim.c.obj
                0x08001fc8                HAL_TIM_ErrorCallback
 .text.TIM_DMAError
                0x08001fda       0x92 CMakeFiles/LED.dir/Drivers/STM32F1xx_HAL_Driver/Src/stm32f1xx_hal_tim.c.obj
                0x08001fda                TIM_DMAError
 .text.TIM_DMADelayPulseCplt
                0x0800206c       0xa8 CMakeFiles/LED.dir/Drivers/STM32F1xx_HAL_Driver/Src/stm32f1xx_hal_tim.c.obj
 .text.TIM_DMADelayPulseHalfCplt
                0x08002114       0x68 CMakeFiles/LED.dir/Drivers/STM32F1xx_HAL_Driver/Src/stm32f1xx_hal_tim.c.obj
                0x08002114                TIM_DMADelayPulseHalfCplt
 .text.TIM_Base_SetConfig
                0x0800217c       0xdc CMakeFiles/LED.dir/Drivers/STM32F1xx_HAL_Driver/Src/stm32f1xx_hal_tim.c.obj
                0x0800217c                TIM_Base_SetConfig
 .text.TIM_OC1_SetConfig
                0x08002258       0xcc CMakeFiles/LED.dir/Drivers/STM32F1xx_HAL_Driver/Src/stm32f1xx_hal_tim.c.obj
 .text.TIM_OC2_SetConfig
                0x08002324       0xd4 CMakeFiles/LED.dir/Drivers/STM32F1xx_HAL_Driver/Src/stm32f1xx_hal_tim.c.obj
                0x08002324                TIM_OC2_SetConfig
 .text.TIM_OC3_SetConfig
                0x080023f8       0xd4 CMakeFiles/LED.dir/Drivers/STM32F1xx_HAL_Driver/Src/stm32f1xx_hal_tim.c.obj
 .text.TIM_OC4_SetConfig
                0x080024cc       0x9c CMakeFiles/LED.dir/Drivers/STM32F1xx_HAL_Driver/Src/stm32f1xx_hal_tim.c.obj
 .text.TIM_TI1_ConfigInputStage
                0x08002568       0x5c CMakeFiles/LED.dir/Drivers/STM32F1xx_HAL_Driver/Src/stm32f1xx_hal_tim.c.obj
 .text.TIM_TI2_ConfigInputStage
                0x080025c4       0x5e CMakeFiles/LED.dir/Drivers/STM32F1xx_HAL_Driver/Src/stm32f1xx_hal_tim.c.obj
 .text.TIM_ITRx_SetConfig
                0x08002622       0x34 CMakeFiles/LED.dir/Drivers/STM32F1xx_HAL_Driver/Src/stm32f1xx_hal_tim.c.obj
 .text.TIM_ETR_SetConfig
                0x08002656       0x3e CMakeFiles/LED.dir/Drivers/STM32F1xx_HAL_Driver/Src/stm32f1xx_hal_tim.c.obj
                0x08002656                TIM_ETR_SetConfig
 .text.TIM_CCxChannelCmd
                0x08002694       0x48 CMakeFiles/LED.dir/Drivers/STM32F1xx_HAL_Driver/Src/stm32f1xx_hal_tim.c.obj
                0x08002694                TIM_CCxChannelCmd
 .text.HAL_TIMEx_MasterConfigSynchronization
                0x080026dc       0xbc CMakeFiles/LED.dir/Drivers/STM32F1xx_HAL_Driver/Src/stm32f1xx_hal_tim_ex.c.obj
                0x080026dc                HAL_TIMEx_MasterConfigSynchronization
 .text.HAL_Init
                0x08002798       0x2c CMakeFiles/LED.dir/Drivers/STM32F1xx_HAL_Driver/Src/stm32f1xx_hal.c.obj
                0x08002798                HAL_Init
 .text.HAL_InitTick
                0x080027c4       0x60 CMakeFiles/LED.dir/Drivers/STM32F1xx_HAL_Driver/Src/stm32f1xx_hal.c.obj
                0x080027c4                HAL_InitTick
 .text.HAL_IncTick
                0x08002824       0x24 CMakeFiles/LED.dir/Drivers/STM32F1xx_HAL_Driver/Src/stm32f1xx_hal.c.obj
                0x08002824                HAL_IncTick
 .text.HAL_GetTick
                0x08002848       0x14 CMakeFiles/LED.dir/Drivers/STM32F1xx_HAL_Driver/Src/stm32f1xx_hal.c.obj
                0x08002848                HAL_GetTick
 .text.HAL_Delay
                0x0800285c       0x48 CMakeFiles/LED.dir/Drivers/STM32F1xx_HAL_Driver/Src/stm32f1xx_hal.c.obj
                0x0800285c                HAL_Delay
 .text.HAL_RCC_OscConfig
                0x080028a4      0x504 CMakeFiles/LED.dir/Drivers/STM32F1xx_HAL_Driver/Src/stm32f1xx_hal_rcc.c.obj
                0x080028a4                HAL_RCC_OscConfig
 .text.HAL_RCC_ClockConfig
                0x08002da8      0x1d4 CMakeFiles/LED.dir/Drivers/STM32F1xx_HAL_Driver/Src/stm32f1xx_hal_rcc.c.obj
                0x08002da8                HAL_RCC_ClockConfig
 .text.HAL_RCC_GetSysClockFreq
                0x08002f7c       0xa8 CMakeFiles/LED.dir/Drivers/STM32F1xx_HAL_Driver/Src/stm32f1xx_hal_rcc.c.obj
                0x08002f7c                HAL_RCC_GetSysClockFreq
 .text.RCC_Delay
                0x08003024       0x3c CMakeFiles/LED.dir/Drivers/STM32F1xx_HAL_Driver/Src/stm32f1xx_hal_rcc.c.obj
 .text.HAL_GPIO_Init
                0x08003060      0x308 CMakeFiles/LED.dir/Drivers/STM32F1xx_HAL_Driver/Src/stm32f1xx_hal_gpio.c.obj
                0x08003060                HAL_GPIO_Init
 .text.HAL_GPIO_ReadPin
                0x08003368       0x2e CMakeFiles/LED.dir/Drivers/STM32F1xx_HAL_Driver/Src/stm32f1xx_hal_gpio.c.obj
                0x08003368                HAL_GPIO_ReadPin
 .text.HAL_GPIO_WritePin
                0x08003396       0x30 CMakeFiles/LED.dir/Drivers/STM32F1xx_HAL_Driver/Src/stm32f1xx_hal_gpio.c.obj
                0x08003396                HAL_GPIO_WritePin
 *fill*         0x080033c6        0x2 
 .text.HAL_DMA_Init
                0x080033c8       0xb4 CMakeFiles/LED.dir/Drivers/STM32F1xx_HAL_Driver/Src/stm32f1xx_hal_dma.c.obj
                0x080033c8                HAL_DMA_Init
 .text.HAL_DMA_Start_IT
                0x0800347c       0xc0 CMakeFiles/LED.dir/Drivers/STM32F1xx_HAL_Driver/Src/stm32f1xx_hal_dma.c.obj
                0x0800347c                HAL_DMA_Start_IT
 .text.HAL_DMA_Abort_IT
                0x0800353c       0xf0 CMakeFiles/LED.dir/Drivers/STM32F1xx_HAL_Driver/Src/stm32f1xx_hal_dma.c.obj
                0x0800353c                HAL_DMA_Abort_IT
 .text.HAL_DMA_IRQHandler
                0x0800362c      0x20c CMakeFiles/LED.dir/Drivers/STM32F1xx_HAL_Driver/Src/stm32f1xx_hal_dma.c.obj
                0x0800362c                HAL_DMA_IRQHandler
 .text.DMA_SetConfig
                0x08003838       0x5a CMakeFiles/LED.dir/Drivers/STM32F1xx_HAL_Driver/Src/stm32f1xx_hal_dma.c.obj
 *fill*         0x08003892        0x2 
 .text.__NVIC_SetPriorityGrouping
                0x08003894       0x48 CMakeFiles/LED.dir/Drivers/STM32F1xx_HAL_Driver/Src/stm32f1xx_hal_cortex.c.obj
 .text.__NVIC_GetPriorityGrouping
                0x080038dc       0x1c CMakeFiles/LED.dir/Drivers/STM32F1xx_HAL_Driver/Src/stm32f1xx_hal_cortex.c.obj
 .text.__NVIC_EnableIRQ
                0x080038f8       0x38 CMakeFiles/LED.dir/Drivers/STM32F1xx_HAL_Driver/Src/stm32f1xx_hal_cortex.c.obj
 .text.__NVIC_SetPriority
                0x08003930       0x54 CMakeFiles/LED.dir/Drivers/STM32F1xx_HAL_Driver/Src/stm32f1xx_hal_cortex.c.obj
 .text.NVIC_EncodePriority
                0x08003984       0x64 CMakeFiles/LED.dir/Drivers/STM32F1xx_HAL_Driver/Src/stm32f1xx_hal_cortex.c.obj
 .text.SysTick_Config
                0x080039e8       0x44 CMakeFiles/LED.dir/Drivers/STM32F1xx_HAL_Driver/Src/stm32f1xx_hal_cortex.c.obj
 .text.HAL_NVIC_SetPriorityGrouping
                0x08003a2c       0x16 CMakeFiles/LED.dir/Drivers/STM32F1xx_HAL_Driver/Src/stm32f1xx_hal_cortex.c.obj
                0x08003a2c                HAL_NVIC_SetPriorityGrouping
 .text.HAL_NVIC_SetPriority
                0x08003a42       0x38 CMakeFiles/LED.dir/Drivers/STM32F1xx_HAL_Driver/Src/stm32f1xx_hal_cortex.c.obj
                0x08003a42                HAL_NVIC_SetPriority
 .text.HAL_NVIC_EnableIRQ
                0x08003a7a       0x1c CMakeFiles/LED.dir/Drivers/STM32F1xx_HAL_Driver/Src/stm32f1xx_hal_cortex.c.obj
                0x08003a7a                HAL_NVIC_EnableIRQ
 .text.HAL_SYSTICK_Config
                0x08003a96       0x18 CMakeFiles/LED.dir/Drivers/STM32F1xx_HAL_Driver/Src/stm32f1xx_hal_cortex.c.obj
                0x08003a96                HAL_SYSTICK_Config
 *fill*         0x08003aae        0x2 
 .text.Reset_Handler
                0x08003ab0       0x48 CMakeFiles/LED.dir/startup_stm32f103xb.s.obj
                0x08003ab0                Reset_Handler
 .text.Default_Handler
                0x08003af8        0x2 CMakeFiles/LED.dir/startup_stm32f103xb.s.obj
                0x08003af8                RTC_Alarm_IRQHandler
                0x08003af8                EXTI2_IRQHandler
                0x08003af8                TIM1_CC_IRQHandler
                0x08003af8                PVD_IRQHandler
                0x08003af8                EXTI3_IRQHandler
                0x08003af8                EXTI0_IRQHandler
                0x08003af8                I2C2_EV_IRQHandler
                0x08003af8                ADC1_2_IRQHandler
                0x08003af8                SPI1_IRQHandler
                0x08003af8                TAMPER_IRQHandler
                0x08003af8                DMA1_Channel4_IRQHandler
                0x08003af8                USART3_IRQHandler
                0x08003af8                RTC_IRQHandler
                0x08003af8                DMA1_Channel7_IRQHandler
                0x08003af8                CAN1_RX1_IRQHandler
                0x08003af8                TIM4_IRQHandler
                0x08003af8                I2C1_EV_IRQHandler
                0x08003af8                TIM3_IRQHandler
                0x08003af8                RCC_IRQHandler
                0x08003af8                TIM1_TRG_COM_IRQHandler
                0x08003af8                DMA1_Channel1_IRQHandler
                0x08003af8                Default_Handler
                0x08003af8                EXTI15_10_IRQHandler
                0x08003af8                EXTI9_5_IRQHandler
                0x08003af8                SPI2_IRQHandler
                0x08003af8                DMA1_Channel5_IRQHandler
                0x08003af8                EXTI4_IRQHandler
                0x08003af8                USB_LP_CAN1_RX0_IRQHandler
                0x08003af8                USB_HP_CAN1_TX_IRQHandler
                0x08003af8                DMA1_Channel3_IRQHandler
                0x08003af8                TIM1_UP_IRQHandler
                0x08003af8                WWDG_IRQHandler
                0x08003af8                TIM2_IRQHandler
                0x08003af8                TIM1_BRK_IRQHandler
                0x08003af8                EXTI1_IRQHandler
                0x08003af8                USART2_IRQHandler
                0x08003af8                I2C2_ER_IRQHandler
                0x08003af8                DMA1_Channel2_IRQHandler
                0x08003af8                CAN1_SCE_IRQHandler
                0x08003af8                FLASH_IRQHandler
                0x08003af8                USART1_IRQHandler
                0x08003af8                I2C1_ER_IRQHandler
                0x08003af8                USBWakeUp_IRQHandler
 *fill*         0x08003afa        0x2 
 .text.sinf     0x08003afc       0x74 C:/Users/JerryXie/AppData/Local/stm32cube/bundles/gnu-tools-for-stm32/13.3.1+st.9/bin/../lib/gcc/arm-none-eabi/13.3.1/../../../../arm-none-eabi/lib/thumb/v7-m/nofp\libm.a(libm_a-sf_sin.o)
                0x08003afc                sinf
 .text.__kernel_cosf
                0x08003b70      0x100 C:/Users/JerryXie/AppData/Local/stm32cube/bundles/gnu-tools-for-stm32/13.3.1+st.9/bin/../lib/gcc/arm-none-eabi/13.3.1/../../../../arm-none-eabi/lib/thumb/v7-m/nofp\libm.a(libm_a-kf_cos.o)
                0x08003b70                __kernel_cosf
 .text.__kernel_sinf
                0x08003c70       0xec C:/Users/JerryXie/AppData/Local/stm32cube/bundles/gnu-tools-for-stm32/13.3.1+st.9/bin/../lib/gcc/arm-none-eabi/13.3.1/../../../../arm-none-eabi/lib/thumb/v7-m/nofp\libm.a(libm_a-kf_sin.o)
                0x08003c70                __kernel_sinf
 .text.__ieee754_rem_pio2f
                0x08003d5c      0x2cc C:/Users/JerryXie/AppData/Local/stm32cube/bundles/gnu-tools-for-stm32/13.3.1+st.9/bin/../lib/gcc/arm-none-eabi/13.3.1/../../../../arm-none-eabi/lib/thumb/v7-m/nofp\libm.a(libm_a-ef_rem_pio2.o)
                0x08003d5c                __ieee754_rem_pio2f
 .text.fabsf    0x08004028        0x6 C:/Users/JerryXie/AppData/Local/stm32cube/bundles/gnu-tools-for-stm32/13.3.1+st.9/bin/../lib/gcc/arm-none-eabi/13.3.1/../../../../arm-none-eabi/lib/thumb/v7-m/nofp\libm.a(libm_a-sf_fabs.o)
                0x08004028                fabsf
 *fill*         0x0800402e        0x2 
 .text.__kernel_rem_pio2f
                0x08004030      0x53c C:/Users/JerryXie/AppData/Local/stm32cube/bundles/gnu-tools-for-stm32/13.3.1+st.9/bin/../lib/gcc/arm-none-eabi/13.3.1/../../../../arm-none-eabi/lib/thumb/v7-m/nofp\libm.a(libm_a-kf_rem_pio2.o)
                0x08004030                __kernel_rem_pio2f
 .text.scalbnf  0x0800456c       0x98 C:/Users/JerryXie/AppData/Local/stm32cube/bundles/gnu-tools-for-stm32/13.3.1+st.9/bin/../lib/gcc/arm-none-eabi/13.3.1/../../../../arm-none-eabi/lib/thumb/v7-m/nofp\libm.a(libm_a-sf_scalbn.o)
                0x0800456c                scalbnf
 .text.floorf   0x08004604       0x84 C:/Users/JerryXie/AppData/Local/stm32cube/bundles/gnu-tools-for-stm32/13.3.1+st.9/bin/../lib/gcc/arm-none-eabi/13.3.1/../../../../arm-none-eabi/lib/thumb/v7-m/nofp\libm.a(libm_a-sf_floor.o)
                0x08004604                floorf
 *(.glue_7)
 .glue_7        0x08004688        0x0 linker stubs
 *(.glue_7t)
 .glue_7t       0x08004688        0x0 linker stubs
 *(.eh_frame)
 .eh_frame      0x08004688        0x0 C:/Users/JerryXie/AppData/Local/stm32cube/bundles/gnu-tools-for-stm32/13.3.1+st.9/bin/../lib/gcc/arm-none-eabi/13.3.1/thumb/v7-m/nofp/crtbegin.o
 *(.init)
 .init          0x08004688        0x4 C:/Users/JerryXie/AppData/Local/stm32cube/bundles/gnu-tools-for-stm32/13.3.1+st.9/bin/../lib/gcc/arm-none-eabi/13.3.1/thumb/v7-m/nofp/crti.o
                0x08004688                _init
 .init          0x0800468c        0x8 C:/Users/JerryXie/AppData/Local/stm32cube/bundles/gnu-tools-for-stm32/13.3.1+st.9/bin/../lib/gcc/arm-none-eabi/13.3.1/thumb/v7-m/nofp/crtn.o
 *(.fini)
 .fini          0x08004694        0x4 C:/Users/JerryXie/AppData/Local/stm32cube/bundles/gnu-tools-for-stm32/13.3.1+st.9/bin/../lib/gcc/arm-none-eabi/13.3.1/thumb/v7-m/nofp/crti.o
                0x08004694                _fini
 .fini          0x08004698        0x8 C:/Users/JerryXie/AppData/Local/stm32cube/bundles/gnu-tools-for-stm32/13.3.1+st.9/bin/../lib/gcc/arm-none-eabi/13.3.1/thumb/v7-m/nofp/crtn.o
                0x080046a0                        . = ALIGN (0x4)
                0x080046a0                        _etext = .

.vfp11_veneer   0x080046a0        0x0
 .vfp11_veneer  0x080046a0        0x0 linker stubs

.v4_bx          0x080046a0        0x0
 .v4_bx         0x080046a0        0x0 linker stubs

.iplt           0x080046a0        0x0
 .iplt          0x080046a0        0x0 C:/Users/JerryXie/AppData/Local/stm32cube/bundles/gnu-tools-for-stm32/13.3.1+st.9/bin/../lib/gcc/arm-none-eabi/13.3.1/thumb/v7-m/nofp/crtbegin.o

.rodata         0x080046a0      0x3f4
                0x080046a0                        . = ALIGN (0x4)
 *(.rodata)
 *(.rodata*)
 .rodata.AHBPrescTable
                0x080046a0       0x10 CMakeFiles/LED.dir/Core/Src/system_stm32f1xx.c.obj
                0x080046a0                AHBPrescTable
 .rodata.aPLLMULFactorTable.1
                0x080046b0       0x10 CMakeFiles/LED.dir/Drivers/STM32F1xx_HAL_Driver/Src/stm32f1xx_hal_rcc.c.obj
 .rodata.aPredivFactorTable.0
                0x080046c0        0x2 CMakeFiles/LED.dir/Drivers/STM32F1xx_HAL_Driver/Src/stm32f1xx_hal_rcc.c.obj
 *fill*         0x080046c2        0x2 
 .rodata.npio2_hw
                0x080046c4       0x80 C:/Users/JerryXie/AppData/Local/stm32cube/bundles/gnu-tools-for-stm32/13.3.1+st.9/bin/../lib/gcc/arm-none-eabi/13.3.1/../../../../arm-none-eabi/lib/thumb/v7-m/nofp\libm.a(libm_a-ef_rem_pio2.o)
 .rodata.two_over_pi
                0x08004744      0x318 C:/Users/JerryXie/AppData/Local/stm32cube/bundles/gnu-tools-for-stm32/13.3.1+st.9/bin/../lib/gcc/arm-none-eabi/13.3.1/../../../../arm-none-eabi/lib/thumb/v7-m/nofp\libm.a(libm_a-ef_rem_pio2.o)
 .rodata.PIo2   0x08004a5c       0x2c C:/Users/JerryXie/AppData/Local/stm32cube/bundles/gnu-tools-for-stm32/13.3.1+st.9/bin/../lib/gcc/arm-none-eabi/13.3.1/../../../../arm-none-eabi/lib/thumb/v7-m/nofp\libm.a(libm_a-kf_rem_pio2.o)
 .rodata.init_jk
                0x08004a88        0xc C:/Users/JerryXie/AppData/Local/stm32cube/bundles/gnu-tools-for-stm32/13.3.1+st.9/bin/../lib/gcc/arm-none-eabi/13.3.1/../../../../arm-none-eabi/lib/thumb/v7-m/nofp\libm.a(libm_a-kf_rem_pio2.o)
                0x08004a94                        . = ALIGN (0x4)

.rel.dyn        0x08004a94        0x0
 .rel.iplt      0x08004a94        0x0 C:/Users/JerryXie/AppData/Local/stm32cube/bundles/gnu-tools-for-stm32/13.3.1+st.9/bin/../lib/gcc/arm-none-eabi/13.3.1/thumb/v7-m/nofp/crtbegin.o

.ARM.extab
 *(.ARM.extab* .gnu.linkonce.armextab.*)

.ARM            0x08004a94        0x0
                0x08004a94                        __exidx_start = .
 *(.ARM.exidx*)
                0x08004a94                        __exidx_end = .

.preinit_array  0x08004a94        0x0
                0x08004a94                        PROVIDE (__preinit_array_start = .)
 *(.preinit_array*)
                0x08004a94                        PROVIDE (__preinit_array_end = .)

.init_array     0x08004a94        0x4
                0x08004a94                        PROVIDE (__init_array_start = .)
 *(SORT_BY_NAME(.init_array.*))
 *(.init_array*)
 .init_array    0x08004a94        0x4 C:/Users/JerryXie/AppData/Local/stm32cube/bundles/gnu-tools-for-stm32/13.3.1+st.9/bin/../lib/gcc/arm-none-eabi/13.3.1/thumb/v7-m/nofp/crtbegin.o
                0x08004a98                        PROVIDE (__init_array_end = .)

.fini_array     0x08004a98        0x4
                [!provide]                        PROVIDE (__fini_array_start = .)
 *(SORT_BY_NAME(.fini_array.*))
 *(.fini_array*)
 .fini_array    0x08004a98        0x4 C:/Users/JerryXie/AppData/Local/stm32cube/bundles/gnu-tools-for-stm32/13.3.1+st.9/bin/../lib/gcc/arm-none-eabi/13.3.1/thumb/v7-m/nofp/crtbegin.o
                [!provide]                        PROVIDE (__fini_array_end = .)
                0x08004a9c                        _sidata = LOADADDR (.data)

.data           0x20000000        0xc load address 0x08004a9c
                0x20000000                        . = ALIGN (0x4)
                0x20000000                        _sdata = .
 *(.data)
 *(.data*)
 .data.SystemCoreClock
                0x20000000        0x4 CMakeFiles/LED.dir/Core/Src/system_stm32f1xx.c.obj
                0x20000000                SystemCoreClock
 .data.uwTickPrio
                0x20000004        0x4 CMakeFiles/LED.dir/Drivers/STM32F1xx_HAL_Driver/Src/stm32f1xx_hal.c.obj
                0x20000004                uwTickPrio
 .data.uwTickFreq
                0x20000008        0x1 CMakeFiles/LED.dir/Drivers/STM32F1xx_HAL_Driver/Src/stm32f1xx_hal.c.obj
                0x20000008                uwTickFreq
                0x2000000c                        . = ALIGN (0x4)
 *fill*         0x20000009        0x3 
                0x2000000c                        _edata = .

.igot.plt       0x2000000c        0x0 load address 0x08004aa8
 .igot.plt      0x2000000c        0x0 C:/Users/JerryXie/AppData/Local/stm32cube/bundles/gnu-tools-for-stm32/13.3.1+st.9/bin/../lib/gcc/arm-none-eabi/13.3.1/thumb/v7-m/nofp/crtbegin.o
                0x2000000c                        . = ALIGN (0x4)

.bss            0x2000000c      0x418 load address 0x08004aa8
                0x2000000c                        _sbss = .
                0x2000000c                        __bss_start__ = _sbss
 *(.bss)
 .bss           0x2000000c       0x1c C:/Users/JerryXie/AppData/Local/stm32cube/bundles/gnu-tools-for-stm32/13.3.1+st.9/bin/../lib/gcc/arm-none-eabi/13.3.1/thumb/v7-m/nofp/crtbegin.o
 *(.bss*)
 .bss.ws2812_color
                0x20000028       0x30 CMakeFiles/LED.dir/Core/Src/WS2812.c.obj
                0x20000028                ws2812_color
 .bss._ws2812_color_current
                0x20000058       0x30 CMakeFiles/LED.dir/Core/Src/WS2812.c.obj
 .bss._ws2812_dma_busy
                0x20000088        0x1 CMakeFiles/LED.dir/Core/Src/WS2812.c.obj
 .bss.r.9       0x20000089        0x1 CMakeFiles/LED.dir/Core/Src/WS2812.c.obj
 .bss.g.8       0x2000008a        0x1 CMakeFiles/LED.dir/Core/Src/WS2812.c.obj
 .bss.b.7       0x2000008b        0x1 CMakeFiles/LED.dir/Core/Src/WS2812.c.obj
 .bss.ws2812_data.6
                0x2000008c      0x308 CMakeFiles/LED.dir/Core/Src/WS2812.c.obj
 .bss.htim3     0x20000394       0x48 CMakeFiles/LED.dir/Core/Src/tim.c.obj
                0x20000394                htim3
 .bss.hdma_tim3_ch1_trig
                0x200003dc       0x44 CMakeFiles/LED.dir/Core/Src/tim.c.obj
                0x200003dc                hdma_tim3_ch1_trig
 .bss.uwTick    0x20000420        0x4 CMakeFiles/LED.dir/Drivers/STM32F1xx_HAL_Driver/Src/stm32f1xx_hal.c.obj
                0x20000420                uwTick
 *(COMMON)
                0x20000424                        . = ALIGN (0x4)
                0x20000424                        _ebss = .
                0x20000424                        __bss_end__ = _ebss

._user_heap_stack
                0x20000424      0x604 load address 0x08004aa8
                0x20000428                        . = ALIGN (0x8)
 *fill*         0x20000424        0x4 
                [!provide]                        PROVIDE (end = .)
                0x20000428                        PROVIDE (_end = .)
                0x20000628                        . = (. + _Min_Heap_Size)
 *fill*         0x20000428      0x200 
                0x20000a28                        . = (. + _Min_Stack_Size)
 *fill*         0x20000628      0x400 
                0x20000a28                        . = ALIGN (0x8)

/DISCARD/
 libc.a(*)
 libm.a(*)
 libgcc.a(*)
OUTPUT(LED.elf elf32-littlearm)
LOAD linker stubs
LOAD C:/Users/JerryXie/AppData/Local/stm32cube/bundles/gnu-tools-for-stm32/13.3.1+st.9/bin/../lib/gcc/arm-none-eabi/13.3.1/../../../../arm-none-eabi/lib/thumb/v7-m/nofp\libc.a
LOAD C:/Users/JerryXie/AppData/Local/stm32cube/bundles/gnu-tools-for-stm32/13.3.1+st.9/bin/../lib/gcc/arm-none-eabi/13.3.1/../../../../arm-none-eabi/lib/thumb/v7-m/nofp\libm.a
LOAD C:/Users/JerryXie/AppData/Local/stm32cube/bundles/gnu-tools-for-stm32/13.3.1+st.9/bin/../lib/gcc/arm-none-eabi/13.3.1/thumb/v7-m/nofp\libgcc.a

.ARM.attributes
                0x00000000       0x29
 .ARM.attributes
                0x00000000       0x1d C:/Users/JerryXie/AppData/Local/stm32cube/bundles/gnu-tools-for-stm32/13.3.1+st.9/bin/../lib/gcc/arm-none-eabi/13.3.1/thumb/v7-m/nofp/crti.o
 .ARM.attributes
                0x0000001d       0x2d C:/Users/JerryXie/AppData/Local/stm32cube/bundles/gnu-tools-for-stm32/13.3.1+st.9/bin/../lib/gcc/arm-none-eabi/13.3.1/thumb/v7-m/nofp/crtbegin.o
 .ARM.attributes
                0x0000004a       0x2d C:/Users/JerryXie/AppData/Local/stm32cube/bundles/gnu-tools-for-stm32/13.3.1+st.9/bin/../lib/gcc/arm-none-eabi/13.3.1/../../../../arm-none-eabi/lib/thumb/v7-m/nofp\libc_nano.a(libc_a-memset.o)
 .ARM.attributes
                0x00000077       0x2d C:/Users/JerryXie/AppData/Local/stm32cube/bundles/gnu-tools-for-stm32/13.3.1+st.9/bin/../lib/gcc/arm-none-eabi/13.3.1/../../../../arm-none-eabi/lib/thumb/v7-m/nofp\libc_nano.a(libc_a-init.o)
 .ARM.attributes
                0x000000a4       0x2d CMakeFiles/LED.dir/Core/Src/WS2812.c.obj
 .ARM.attributes
                0x000000d1       0x2d CMakeFiles/LED.dir/Core/Src/dma.c.obj
 .ARM.attributes
                0x000000fe       0x2d CMakeFiles/LED.dir/Core/Src/gpio.c.obj
 .ARM.attributes
                0x0000012b       0x2d CMakeFiles/LED.dir/Core/Src/main.c.obj
 .ARM.attributes
                0x00000158       0x2d CMakeFiles/LED.dir/Core/Src/stm32f1xx_hal_msp.c.obj
 .ARM.attributes
                0x00000185       0x2d CMakeFiles/LED.dir/Core/Src/stm32f1xx_it.c.obj
 .ARM.attributes
                0x000001b2       0x2d CMakeFiles/LED.dir/Core/Src/system_stm32f1xx.c.obj
 .ARM.attributes
                0x000001df       0x2d CMakeFiles/LED.dir/Core/Src/tim.c.obj
 .ARM.attributes
                0x0000020c       0x2d CMakeFiles/LED.dir/Drivers/STM32F1xx_HAL_Driver/Src/stm32f1xx_hal_tim.c.obj
 .ARM.attributes
                0x00000239       0x2d CMakeFiles/LED.dir/Drivers/STM32F1xx_HAL_Driver/Src/stm32f1xx_hal_tim_ex.c.obj
 .ARM.attributes
                0x00000266       0x2d CMakeFiles/LED.dir/Drivers/STM32F1xx_HAL_Driver/Src/stm32f1xx_hal.c.obj
 .ARM.attributes
                0x00000293       0x2d CMakeFiles/LED.dir/Drivers/STM32F1xx_HAL_Driver/Src/stm32f1xx_hal_rcc.c.obj
 .ARM.attributes
                0x000002c0       0x2d CMakeFiles/LED.dir/Drivers/STM32F1xx_HAL_Driver/Src/stm32f1xx_hal_gpio.c.obj
 .ARM.attributes
                0x000002ed       0x2d CMakeFiles/LED.dir/Drivers/STM32F1xx_HAL_Driver/Src/stm32f1xx_hal_dma.c.obj
 .ARM.attributes
                0x0000031a       0x2d CMakeFiles/LED.dir/Drivers/STM32F1xx_HAL_Driver/Src/stm32f1xx_hal_cortex.c.obj
 .ARM.attributes
                0x00000347       0x21 CMakeFiles/LED.dir/startup_stm32f103xb.s.obj
 .ARM.attributes
                0x00000368       0x1d C:/Users/JerryXie/AppData/Local/stm32cube/bundles/gnu-tools-for-stm32/13.3.1+st.9/bin/../lib/gcc/arm-none-eabi/13.3.1/thumb/v7-m/nofp\libgcc.a(_arm_addsubsf3.o)
 .ARM.attributes
                0x00000385       0x1d C:/Users/JerryXie/AppData/Local/stm32cube/bundles/gnu-tools-for-stm32/13.3.1+st.9/bin/../lib/gcc/arm-none-eabi/13.3.1/thumb/v7-m/nofp\libgcc.a(_arm_muldivsf3.o)
 .ARM.attributes
                0x000003a2       0x1d C:/Users/JerryXie/AppData/Local/stm32cube/bundles/gnu-tools-for-stm32/13.3.1+st.9/bin/../lib/gcc/arm-none-eabi/13.3.1/thumb/v7-m/nofp\libgcc.a(_arm_cmpsf2.o)
 .ARM.attributes
                0x000003bf       0x1d C:/Users/JerryXie/AppData/Local/stm32cube/bundles/gnu-tools-for-stm32/13.3.1+st.9/bin/../lib/gcc/arm-none-eabi/13.3.1/thumb/v7-m/nofp\libgcc.a(_arm_fixunssfsi.o)
 .ARM.attributes
                0x000003dc       0x1d C:/Users/JerryXie/AppData/Local/stm32cube/bundles/gnu-tools-for-stm32/13.3.1+st.9/bin/../lib/gcc/arm-none-eabi/13.3.1/thumb/v7-m/nofp/crtn.o

.comment        0x00000000       0x43
 .comment       0x00000000       0x43 CMakeFiles/LED.dir/Core/Src/WS2812.c.obj
                                 0x44 (size before relaxing)
 .comment       0x00000043        0x0 CMakeFiles/LED.dir/Core/Src/dma.c.obj
                                 0x44 (size before relaxing)
 .comment       0x00000043        0x0 CMakeFiles/LED.dir/Core/Src/gpio.c.obj
                                 0x44 (size before relaxing)
 .comment       0x00000043        0x0 CMakeFiles/LED.dir/Core/Src/main.c.obj
                                 0x44 (size before relaxing)
 .comment       0x00000043        0x0 CMakeFiles/LED.dir/Core/Src/stm32f1xx_hal_msp.c.obj
                                 0x44 (size before relaxing)
 .comment       0x00000043        0x0 CMakeFiles/LED.dir/Core/Src/stm32f1xx_it.c.obj
                                 0x44 (size before relaxing)
 .comment       0x00000043        0x0 CMakeFiles/LED.dir/Core/Src/system_stm32f1xx.c.obj
                                 0x44 (size before relaxing)
 .comment       0x00000043        0x0 CMakeFiles/LED.dir/Core/Src/tim.c.obj
                                 0x44 (size before relaxing)
 .comment       0x00000043        0x0 CMakeFiles/LED.dir/Drivers/STM32F1xx_HAL_Driver/Src/stm32f1xx_hal_tim.c.obj
                                 0x44 (size before relaxing)
 .comment       0x00000043        0x0 CMakeFiles/LED.dir/Drivers/STM32F1xx_HAL_Driver/Src/stm32f1xx_hal_tim_ex.c.obj
                                 0x44 (size before relaxing)
 .comment       0x00000043        0x0 CMakeFiles/LED.dir/Drivers/STM32F1xx_HAL_Driver/Src/stm32f1xx_hal.c.obj
                                 0x44 (size before relaxing)
 .comment       0x00000043        0x0 CMakeFiles/LED.dir/Drivers/STM32F1xx_HAL_Driver/Src/stm32f1xx_hal_rcc.c.obj
                                 0x44 (size before relaxing)
 .comment       0x00000043        0x0 CMakeFiles/LED.dir/Drivers/STM32F1xx_HAL_Driver/Src/stm32f1xx_hal_gpio.c.obj
                                 0x44 (size before relaxing)
 .comment       0x00000043        0x0 CMakeFiles/LED.dir/Drivers/STM32F1xx_HAL_Driver/Src/stm32f1xx_hal_dma.c.obj
                                 0x44 (size before relaxing)
 .comment       0x00000043        0x0 CMakeFiles/LED.dir/Drivers/STM32F1xx_HAL_Driver/Src/stm32f1xx_hal_cortex.c.obj
                                 0x44 (size before relaxing)

.debug_frame    0x00000000     0x2bd8
 .debug_frame   0x00000000       0x20 C:/Users/JerryXie/AppData/Local/stm32cube/bundles/gnu-tools-for-stm32/13.3.1+st.9/bin/../lib/gcc/arm-none-eabi/13.3.1/../../../../arm-none-eabi/lib/thumb/v7-m/nofp\libc_nano.a(libc_a-memset.o)
 .debug_frame   0x00000020       0x2c C:/Users/JerryXie/AppData/Local/stm32cube/bundles/gnu-tools-for-stm32/13.3.1+st.9/bin/../lib/gcc/arm-none-eabi/13.3.1/../../../../arm-none-eabi/lib/thumb/v7-m/nofp\libc_nano.a(libc_a-init.o)
 .debug_frame   0x0000004c      0x240 CMakeFiles/LED.dir/Core/Src/WS2812.c.obj
 .debug_frame   0x0000028c       0x34 CMakeFiles/LED.dir/Core/Src/dma.c.obj
 .debug_frame   0x000002c0       0x34 CMakeFiles/LED.dir/Core/Src/gpio.c.obj
 .debug_frame   0x000002f4       0x6c CMakeFiles/LED.dir/Core/Src/main.c.obj
 .debug_frame   0x00000360       0x38 CMakeFiles/LED.dir/Core/Src/stm32f1xx_hal_msp.c.obj
 .debug_frame   0x00000398      0x120 CMakeFiles/LED.dir/Core/Src/stm32f1xx_it.c.obj
 .debug_frame   0x000004b8       0x58 CMakeFiles/LED.dir/Core/Src/system_stm32f1xx.c.obj
 .debug_frame   0x00000510       0xa0 CMakeFiles/LED.dir/Core/Src/tim.c.obj
 .debug_frame   0x000005b0     0x11b8 CMakeFiles/LED.dir/Drivers/STM32F1xx_HAL_Driver/Src/stm32f1xx_hal_tim.c.obj
 .debug_frame   0x00001768      0x638 CMakeFiles/LED.dir/Drivers/STM32F1xx_HAL_Driver/Src/stm32f1xx_hal_tim_ex.c.obj
 .debug_frame   0x00001da0      0x334 CMakeFiles/LED.dir/Drivers/STM32F1xx_HAL_Driver/Src/stm32f1xx_hal.c.obj
 .debug_frame   0x000020d4      0x218 CMakeFiles/LED.dir/Drivers/STM32F1xx_HAL_Driver/Src/stm32f1xx_hal_rcc.c.obj
 .debug_frame   0x000022ec      0x14c CMakeFiles/LED.dir/Drivers/STM32F1xx_HAL_Driver/Src/stm32f1xx_hal_gpio.c.obj
 .debug_frame   0x00002438      0x208 CMakeFiles/LED.dir/Drivers/STM32F1xx_HAL_Driver/Src/stm32f1xx_hal_dma.c.obj
 .debug_frame   0x00002640      0x428 CMakeFiles/LED.dir/Drivers/STM32F1xx_HAL_Driver/Src/stm32f1xx_hal_cortex.c.obj
 .debug_frame   0x00002a68       0x4c C:/Users/JerryXie/AppData/Local/stm32cube/bundles/gnu-tools-for-stm32/13.3.1+st.9/bin/../lib/gcc/arm-none-eabi/13.3.1/thumb/v7-m/nofp\libgcc.a(_arm_addsubsf3.o)
 .debug_frame   0x00002ab4       0x38 C:/Users/JerryXie/AppData/Local/stm32cube/bundles/gnu-tools-for-stm32/13.3.1+st.9/bin/../lib/gcc/arm-none-eabi/13.3.1/thumb/v7-m/nofp\libgcc.a(_arm_muldivsf3.o)
 .debug_frame   0x00002aec       0xc8 C:/Users/JerryXie/AppData/Local/stm32cube/bundles/gnu-tools-for-stm32/13.3.1+st.9/bin/../lib/gcc/arm-none-eabi/13.3.1/thumb/v7-m/nofp\libgcc.a(_arm_cmpsf2.o)
 .debug_frame   0x00002bb4       0x24 C:/Users/JerryXie/AppData/Local/stm32cube/bundles/gnu-tools-for-stm32/13.3.1+st.9/bin/../lib/gcc/arm-none-eabi/13.3.1/thumb/v7-m/nofp\libgcc.a(_arm_fixunssfsi.o)

.debug_info     0x00000000     0x9032
 .debug_info    0x00000000      0xdc2 CMakeFiles/LED.dir/Core/Src/WS2812.c.obj
 .debug_info    0x00000dc2      0x2cf CMakeFiles/LED.dir/Core/Src/dma.c.obj
 .debug_info    0x00001091      0x2d3 CMakeFiles/LED.dir/Core/Src/gpio.c.obj
 .debug_info    0x00001364      0x66c CMakeFiles/LED.dir/Core/Src/main.c.obj
 .debug_info    0x000019d0      0x1f1 CMakeFiles/LED.dir/Core/Src/stm32f1xx_hal_msp.c.obj
 .debug_info    0x00001bc1      0x35e CMakeFiles/LED.dir/Core/Src/stm32f1xx_it.c.obj
 .debug_info    0x00001f1f      0x222 CMakeFiles/LED.dir/Core/Src/system_stm32f1xx.c.obj
 .debug_info    0x00002141      0xaf0 CMakeFiles/LED.dir/Core/Src/tim.c.obj
 .debug_info    0x00002c31     0x2959 CMakeFiles/LED.dir/Drivers/STM32F1xx_HAL_Driver/Src/stm32f1xx_hal_tim.c.obj
 .debug_info    0x0000558a     0x149b CMakeFiles/LED.dir/Drivers/STM32F1xx_HAL_Driver/Src/stm32f1xx_hal_tim_ex.c.obj
 .debug_info    0x00006a25      0x704 CMakeFiles/LED.dir/Drivers/STM32F1xx_HAL_Driver/Src/stm32f1xx_hal.c.obj
 .debug_info    0x00007129      0x7d5 CMakeFiles/LED.dir/Drivers/STM32F1xx_HAL_Driver/Src/stm32f1xx_hal_rcc.c.obj
 .debug_info    0x000078fe      0x5ab CMakeFiles/LED.dir/Drivers/STM32F1xx_HAL_Driver/Src/stm32f1xx_hal_gpio.c.obj
 .debug_info    0x00007ea9      0x6d2 CMakeFiles/LED.dir/Drivers/STM32F1xx_HAL_Driver/Src/stm32f1xx_hal_dma.c.obj
 .debug_info    0x0000857b      0xa87 CMakeFiles/LED.dir/Drivers/STM32F1xx_HAL_Driver/Src/stm32f1xx_hal_cortex.c.obj
 .debug_info    0x00009002       0x30 CMakeFiles/LED.dir/startup_stm32f103xb.s.obj

.debug_abbrev   0x00000000     0x1dac
 .debug_abbrev  0x00000000      0x2cf CMakeFiles/LED.dir/Core/Src/WS2812.c.obj
 .debug_abbrev  0x000002cf       0xfc CMakeFiles/LED.dir/Core/Src/dma.c.obj
 .debug_abbrev  0x000003cb      0x13f CMakeFiles/LED.dir/Core/Src/gpio.c.obj
 .debug_abbrev  0x0000050a      0x24a CMakeFiles/LED.dir/Core/Src/main.c.obj
 .debug_abbrev  0x00000754       0xdb CMakeFiles/LED.dir/Core/Src/stm32f1xx_hal_msp.c.obj
 .debug_abbrev  0x0000082f      0x16e CMakeFiles/LED.dir/Core/Src/stm32f1xx_it.c.obj
 .debug_abbrev  0x0000099d      0x13f CMakeFiles/LED.dir/Core/Src/system_stm32f1xx.c.obj
 .debug_abbrev  0x00000adc      0x232 CMakeFiles/LED.dir/Core/Src/tim.c.obj
 .debug_abbrev  0x00000d0e      0x277 CMakeFiles/LED.dir/Drivers/STM32F1xx_HAL_Driver/Src/stm32f1xx_hal_tim.c.obj
 .debug_abbrev  0x00000f85      0x282 CMakeFiles/LED.dir/Drivers/STM32F1xx_HAL_Driver/Src/stm32f1xx_hal_tim_ex.c.obj
 .debug_abbrev  0x00001207      0x201 CMakeFiles/LED.dir/Drivers/STM32F1xx_HAL_Driver/Src/stm32f1xx_hal.c.obj
 .debug_abbrev  0x00001408      0x2b3 CMakeFiles/LED.dir/Drivers/STM32F1xx_HAL_Driver/Src/stm32f1xx_hal_rcc.c.obj
 .debug_abbrev  0x000016bb      0x1ca CMakeFiles/LED.dir/Drivers/STM32F1xx_HAL_Driver/Src/stm32f1xx_hal_gpio.c.obj
 .debug_abbrev  0x00001885      0x20b CMakeFiles/LED.dir/Drivers/STM32F1xx_HAL_Driver/Src/stm32f1xx_hal_dma.c.obj
 .debug_abbrev  0x00001a90      0x2f8 CMakeFiles/LED.dir/Drivers/STM32F1xx_HAL_Driver/Src/stm32f1xx_hal_cortex.c.obj
 .debug_abbrev  0x00001d88       0x24 CMakeFiles/LED.dir/startup_stm32f103xb.s.obj

.debug_aranges  0x00000000      0xa90
 .debug_aranges
                0x00000000       0x90 CMakeFiles/LED.dir/Core/Src/WS2812.c.obj
 .debug_aranges
                0x00000090       0x20 CMakeFiles/LED.dir/Core/Src/dma.c.obj
 .debug_aranges
                0x000000b0       0x20 CMakeFiles/LED.dir/Core/Src/gpio.c.obj
 .debug_aranges
                0x000000d0       0x30 CMakeFiles/LED.dir/Core/Src/main.c.obj
 .debug_aranges
                0x00000100       0x20 CMakeFiles/LED.dir/Core/Src/stm32f1xx_hal_msp.c.obj
 .debug_aranges
                0x00000120       0x68 CMakeFiles/LED.dir/Core/Src/stm32f1xx_it.c.obj
 .debug_aranges
                0x00000188       0x28 CMakeFiles/LED.dir/Core/Src/system_stm32f1xx.c.obj
 .debug_aranges
                0x000001b0       0x38 CMakeFiles/LED.dir/Core/Src/tim.c.obj
 .debug_aranges
                0x000001e8      0x3d0 CMakeFiles/LED.dir/Drivers/STM32F1xx_HAL_Driver/Src/stm32f1xx_hal_tim.c.obj
 .debug_aranges
                0x000005b8      0x168 CMakeFiles/LED.dir/Drivers/STM32F1xx_HAL_Driver/Src/stm32f1xx_hal_tim_ex.c.obj
 .debug_aranges
                0x00000720       0xe0 CMakeFiles/LED.dir/Drivers/STM32F1xx_HAL_Driver/Src/stm32f1xx_hal.c.obj
 .debug_aranges
                0x00000800       0x90 CMakeFiles/LED.dir/Drivers/STM32F1xx_HAL_Driver/Src/stm32f1xx_hal_rcc.c.obj
 .debug_aranges
                0x00000890       0x58 CMakeFiles/LED.dir/Drivers/STM32F1xx_HAL_Driver/Src/stm32f1xx_hal_gpio.c.obj
 .debug_aranges
                0x000008e8       0x80 CMakeFiles/LED.dir/Drivers/STM32F1xx_HAL_Driver/Src/stm32f1xx_hal_dma.c.obj
 .debug_aranges
                0x00000968      0x100 CMakeFiles/LED.dir/Drivers/STM32F1xx_HAL_Driver/Src/stm32f1xx_hal_cortex.c.obj
 .debug_aranges
                0x00000a68       0x28 CMakeFiles/LED.dir/startup_stm32f103xb.s.obj

.debug_rnglists
                0x00000000      0x817
 .debug_rnglists
                0x00000000       0x6c CMakeFiles/LED.dir/Core/Src/WS2812.c.obj
 .debug_rnglists
                0x0000006c       0x13 CMakeFiles/LED.dir/Core/Src/dma.c.obj
 .debug_rnglists
                0x0000007f       0x14 CMakeFiles/LED.dir/Core/Src/gpio.c.obj
 .debug_rnglists
                0x00000093       0x21 CMakeFiles/LED.dir/Core/Src/main.c.obj
 .debug_rnglists
                0x000000b4       0x13 CMakeFiles/LED.dir/Core/Src/stm32f1xx_hal_msp.c.obj
 .debug_rnglists
                0x000000c7       0x49 CMakeFiles/LED.dir/Core/Src/stm32f1xx_it.c.obj
 .debug_rnglists
                0x00000110       0x1a CMakeFiles/LED.dir/Core/Src/system_stm32f1xx.c.obj
 .debug_rnglists
                0x0000012a       0x28 CMakeFiles/LED.dir/Core/Src/tim.c.obj
 .debug_rnglists
                0x00000152      0x31a CMakeFiles/LED.dir/Drivers/STM32F1xx_HAL_Driver/Src/stm32f1xx_hal_tim.c.obj
 .debug_rnglists
                0x0000046c      0x125 CMakeFiles/LED.dir/Drivers/STM32F1xx_HAL_Driver/Src/stm32f1xx_hal_tim_ex.c.obj
 .debug_rnglists
                0x00000591       0xa3 CMakeFiles/LED.dir/Drivers/STM32F1xx_HAL_Driver/Src/stm32f1xx_hal.c.obj
 .debug_rnglists
                0x00000634       0x6c CMakeFiles/LED.dir/Drivers/STM32F1xx_HAL_Driver/Src/stm32f1xx_hal_rcc.c.obj
 .debug_rnglists
                0x000006a0       0x3f CMakeFiles/LED.dir/Drivers/STM32F1xx_HAL_Driver/Src/stm32f1xx_hal_gpio.c.obj
 .debug_rnglists
                0x000006df       0x64 CMakeFiles/LED.dir/Drivers/STM32F1xx_HAL_Driver/Src/stm32f1xx_hal_dma.c.obj
 .debug_rnglists
                0x00000743       0xbb CMakeFiles/LED.dir/Drivers/STM32F1xx_HAL_Driver/Src/stm32f1xx_hal_cortex.c.obj
 .debug_rnglists
                0x000007fe       0x19 CMakeFiles/LED.dir/startup_stm32f103xb.s.obj

.debug_macro    0x00000000    0x17cdc
 .debug_macro   0x00000000      0x30b CMakeFiles/LED.dir/Core/Src/WS2812.c.obj
 .debug_macro   0x0000030b      0xacc CMakeFiles/LED.dir/Core/Src/WS2812.c.obj
 .debug_macro   0x00000dd7      0x21b CMakeFiles/LED.dir/Core/Src/WS2812.c.obj
 .debug_macro   0x00000ff2       0x2e CMakeFiles/LED.dir/Core/Src/WS2812.c.obj
 .debug_macro   0x00001020       0x22 CMakeFiles/LED.dir/Core/Src/WS2812.c.obj
 .debug_macro   0x00001042       0x22 CMakeFiles/LED.dir/Core/Src/WS2812.c.obj
 .debug_macro   0x00001064       0x8e CMakeFiles/LED.dir/Core/Src/WS2812.c.obj
 .debug_macro   0x000010f2       0x51 CMakeFiles/LED.dir/Core/Src/WS2812.c.obj
 .debug_macro   0x00001143      0x103 CMakeFiles/LED.dir/Core/Src/WS2812.c.obj
 .debug_macro   0x00001246       0x6a CMakeFiles/LED.dir/Core/Src/WS2812.c.obj
 .debug_macro   0x000012b0      0x1df CMakeFiles/LED.dir/Core/Src/WS2812.c.obj
 .debug_macro   0x0000148f       0x1c CMakeFiles/LED.dir/Core/Src/WS2812.c.obj
 .debug_macro   0x000014ab       0x22 CMakeFiles/LED.dir/Core/Src/WS2812.c.obj
 .debug_macro   0x000014cd       0xbd CMakeFiles/LED.dir/Core/Src/WS2812.c.obj
 .debug_macro   0x0000158a      0xd23 CMakeFiles/LED.dir/Core/Src/WS2812.c.obj
 .debug_macro   0x000022ad     0xe09e CMakeFiles/LED.dir/Core/Src/WS2812.c.obj
 .debug_macro   0x0001034b       0x6d CMakeFiles/LED.dir/Core/Src/WS2812.c.obj
 .debug_macro   0x000103b8     0x34a2 CMakeFiles/LED.dir/Core/Src/WS2812.c.obj
 .debug_macro   0x0001385a      0x190 CMakeFiles/LED.dir/Core/Src/WS2812.c.obj
 .debug_macro   0x000139ea       0x5c CMakeFiles/LED.dir/Core/Src/WS2812.c.obj
 .debug_macro   0x00013a46      0x5bc CMakeFiles/LED.dir/Core/Src/WS2812.c.obj
 .debug_macro   0x00014002      0x289 CMakeFiles/LED.dir/Core/Src/WS2812.c.obj
 .debug_macro   0x0001428b      0x1cb CMakeFiles/LED.dir/Core/Src/WS2812.c.obj
 .debug_macro   0x00014456      0x114 CMakeFiles/LED.dir/Core/Src/WS2812.c.obj
 .debug_macro   0x0001456a      0x1b2 CMakeFiles/LED.dir/Core/Src/WS2812.c.obj
 .debug_macro   0x0001471c       0x27 CMakeFiles/LED.dir/Core/Src/WS2812.c.obj
 .debug_macro   0x00014743      0x136 CMakeFiles/LED.dir/Core/Src/WS2812.c.obj
 .debug_macro   0x00014879      0x1bc CMakeFiles/LED.dir/Core/Src/WS2812.c.obj
 .debug_macro   0x00014a35       0x34 CMakeFiles/LED.dir/Core/Src/WS2812.c.obj
 .debug_macro   0x00014a69       0x3c CMakeFiles/LED.dir/Core/Src/WS2812.c.obj
 .debug_macro   0x00014aa5       0x57 CMakeFiles/LED.dir/Core/Src/WS2812.c.obj
 .debug_macro   0x00014afc       0x87 CMakeFiles/LED.dir/Core/Src/WS2812.c.obj
 .debug_macro   0x00014b83      0x240 CMakeFiles/LED.dir/Core/Src/WS2812.c.obj
 .debug_macro   0x00014dc3      0x140 CMakeFiles/LED.dir/Core/Src/WS2812.c.obj
 .debug_macro   0x00014f03      0x8ed CMakeFiles/LED.dir/Core/Src/WS2812.c.obj
 .debug_macro   0x000157f0       0x83 CMakeFiles/LED.dir/Core/Src/WS2812.c.obj
 .debug_macro   0x00015873       0x1c CMakeFiles/LED.dir/Core/Src/WS2812.c.obj
 .debug_macro   0x0001588f       0x74 CMakeFiles/LED.dir/Core/Src/WS2812.c.obj
 .debug_macro   0x00015903       0x24 CMakeFiles/LED.dir/Core/Src/WS2812.c.obj
 .debug_macro   0x00015927       0x3c CMakeFiles/LED.dir/Core/Src/WS2812.c.obj
 .debug_macro   0x00015963       0x34 CMakeFiles/LED.dir/Core/Src/WS2812.c.obj
 .debug_macro   0x00015997       0x16 CMakeFiles/LED.dir/Core/Src/WS2812.c.obj
 .debug_macro   0x000159ad       0x3c CMakeFiles/LED.dir/Core/Src/WS2812.c.obj
 .debug_macro   0x000159e9      0x370 CMakeFiles/LED.dir/Core/Src/WS2812.c.obj
 .debug_macro   0x00015d59       0x10 CMakeFiles/LED.dir/Core/Src/WS2812.c.obj
 .debug_macro   0x00015d69       0x16 CMakeFiles/LED.dir/Core/Src/WS2812.c.obj
 .debug_macro   0x00015d7f       0x4a CMakeFiles/LED.dir/Core/Src/WS2812.c.obj
 .debug_macro   0x00015dc9       0x34 CMakeFiles/LED.dir/Core/Src/WS2812.c.obj
 .debug_macro   0x00015dfd       0x10 CMakeFiles/LED.dir/Core/Src/WS2812.c.obj
 .debug_macro   0x00015e0d       0x58 CMakeFiles/LED.dir/Core/Src/WS2812.c.obj
 .debug_macro   0x00015e65      0x1e5 CMakeFiles/LED.dir/Core/Src/WS2812.c.obj
 .debug_macro   0x0001604a       0x16 CMakeFiles/LED.dir/Core/Src/WS2812.c.obj
 .debug_macro   0x00016060       0x16 CMakeFiles/LED.dir/Core/Src/WS2812.c.obj
 .debug_macro   0x00016076      0x170 CMakeFiles/LED.dir/Core/Src/WS2812.c.obj
 .debug_macro   0x000161e6       0x16 CMakeFiles/LED.dir/Core/Src/WS2812.c.obj
 .debug_macro   0x000161fc       0x20 CMakeFiles/LED.dir/Core/Src/WS2812.c.obj
 .debug_macro   0x0001621c       0x1c CMakeFiles/LED.dir/Core/Src/WS2812.c.obj
 .debug_macro   0x00016238      0x19b CMakeFiles/LED.dir/Core/Src/WS2812.c.obj
 .debug_macro   0x000163d3       0x16 CMakeFiles/LED.dir/Core/Src/WS2812.c.obj
 .debug_macro   0x000163e9       0x16 CMakeFiles/LED.dir/Core/Src/WS2812.c.obj
 .debug_macro   0x000163ff       0x29 CMakeFiles/LED.dir/Core/Src/WS2812.c.obj
 .debug_macro   0x00016428      0x1b2 CMakeFiles/LED.dir/Core/Src/dma.c.obj
 .debug_macro   0x000165da      0x1b2 CMakeFiles/LED.dir/Core/Src/gpio.c.obj
 .debug_macro   0x0001678c      0x2da CMakeFiles/LED.dir/Core/Src/main.c.obj
 .debug_macro   0x00016a66      0x1a8 CMakeFiles/LED.dir/Core/Src/stm32f1xx_hal_msp.c.obj
 .debug_macro   0x00016c0e      0x1b2 CMakeFiles/LED.dir/Core/Src/stm32f1xx_it.c.obj
 .debug_macro   0x00016dc0      0x199 CMakeFiles/LED.dir/Core/Src/system_stm32f1xx.c.obj
 .debug_macro   0x00016f59      0x1b2 CMakeFiles/LED.dir/Core/Src/tim.c.obj
 .debug_macro   0x0001710b      0x19a CMakeFiles/LED.dir/Drivers/STM32F1xx_HAL_Driver/Src/stm32f1xx_hal_tim.c.obj
 .debug_macro   0x000172a5      0x199 CMakeFiles/LED.dir/Drivers/STM32F1xx_HAL_Driver/Src/stm32f1xx_hal_tim_ex.c.obj
 .debug_macro   0x0001743e      0x1bd CMakeFiles/LED.dir/Drivers/STM32F1xx_HAL_Driver/Src/stm32f1xx_hal.c.obj
 .debug_macro   0x000175fb      0x1ab CMakeFiles/LED.dir/Drivers/STM32F1xx_HAL_Driver/Src/stm32f1xx_hal_rcc.c.obj
 .debug_macro   0x000177a6      0x204 CMakeFiles/LED.dir/Drivers/STM32F1xx_HAL_Driver/Src/stm32f1xx_hal_gpio.c.obj
 .debug_macro   0x000179aa      0x199 CMakeFiles/LED.dir/Drivers/STM32F1xx_HAL_Driver/Src/stm32f1xx_hal_dma.c.obj
 .debug_macro   0x00017b43      0x199 CMakeFiles/LED.dir/Drivers/STM32F1xx_HAL_Driver/Src/stm32f1xx_hal_cortex.c.obj

.debug_line     0x00000000     0xd765
 .debug_line    0x00000000      0xdd2 CMakeFiles/LED.dir/Core/Src/WS2812.c.obj
 .debug_line    0x00000dd2      0x7aa CMakeFiles/LED.dir/Core/Src/dma.c.obj
 .debug_line    0x0000157c      0x7c8 CMakeFiles/LED.dir/Core/Src/gpio.c.obj
 .debug_line    0x00001d44      0xb84 CMakeFiles/LED.dir/Core/Src/main.c.obj
 .debug_line    0x000028c8      0x7b0 CMakeFiles/LED.dir/Core/Src/stm32f1xx_hal_msp.c.obj
 .debug_line    0x00003078      0x875 CMakeFiles/LED.dir/Core/Src/stm32f1xx_it.c.obj
 .debug_line    0x000038ed      0x82d CMakeFiles/LED.dir/Core/Src/system_stm32f1xx.c.obj
 .debug_line    0x0000411a      0x8a5 CMakeFiles/LED.dir/Core/Src/tim.c.obj
 .debug_line    0x000049bf     0x354c CMakeFiles/LED.dir/Drivers/STM32F1xx_HAL_Driver/Src/stm32f1xx_hal_tim.c.obj
 .debug_line    0x00007f0b     0x1922 CMakeFiles/LED.dir/Drivers/STM32F1xx_HAL_Driver/Src/stm32f1xx_hal_tim_ex.c.obj
 .debug_line    0x0000982d      0xa5e CMakeFiles/LED.dir/Drivers/STM32F1xx_HAL_Driver/Src/stm32f1xx_hal.c.obj
 .debug_line    0x0000a28b      0xf17 CMakeFiles/LED.dir/Drivers/STM32F1xx_HAL_Driver/Src/stm32f1xx_hal_rcc.c.obj
 .debug_line    0x0000b1a2      0xabb CMakeFiles/LED.dir/Drivers/STM32F1xx_HAL_Driver/Src/stm32f1xx_hal_gpio.c.obj
 .debug_line    0x0000bc5d      0xe68 CMakeFiles/LED.dir/Drivers/STM32F1xx_HAL_Driver/Src/stm32f1xx_hal_dma.c.obj
 .debug_line    0x0000cac5      0xc28 CMakeFiles/LED.dir/Drivers/STM32F1xx_HAL_Driver/Src/stm32f1xx_hal_cortex.c.obj
 .debug_line    0x0000d6ed       0x78 CMakeFiles/LED.dir/startup_stm32f103xb.s.obj

.debug_str      0x00000000    0x88750
 .debug_str     0x00000000    0x88750 CMakeFiles/LED.dir/Core/Src/WS2812.c.obj
                              0x85e60 (size before relaxing)
 .debug_str     0x00088750        0x0 CMakeFiles/LED.dir/Core/Src/dma.c.obj
                              0x81e8c (size before relaxing)
 .debug_str     0x00088750        0x0 CMakeFiles/LED.dir/Core/Src/gpio.c.obj
                              0x81c2e (size before relaxing)
 .debug_str     0x00088750        0x0 CMakeFiles/LED.dir/Core/Src/main.c.obj
                              0x8527b (size before relaxing)
 .debug_str     0x00088750        0x0 CMakeFiles/LED.dir/Core/Src/stm32f1xx_hal_msp.c.obj
                              0x81bb6 (size before relaxing)
 .debug_str     0x00088750        0x0 CMakeFiles/LED.dir/Core/Src/stm32f1xx_it.c.obj
                              0x81df5 (size before relaxing)
 .debug_str     0x00088750        0x0 CMakeFiles/LED.dir/Core/Src/system_stm32f1xx.c.obj
                              0x81b81 (size before relaxing)
 .debug_str     0x00088750        0x0 CMakeFiles/LED.dir/Core/Src/tim.c.obj
                              0x8232c (size before relaxing)
 .debug_str     0x00088750        0x0 CMakeFiles/LED.dir/Drivers/STM32F1xx_HAL_Driver/Src/stm32f1xx_hal_tim.c.obj
                              0x82fb2 (size before relaxing)
 .debug_str     0x00088750        0x0 CMakeFiles/LED.dir/Drivers/STM32F1xx_HAL_Driver/Src/stm32f1xx_hal_tim_ex.c.obj
                              0x827be (size before relaxing)
 .debug_str     0x00088750        0x0 CMakeFiles/LED.dir/Drivers/STM32F1xx_HAL_Driver/Src/stm32f1xx_hal.c.obj
                              0x822b4 (size before relaxing)
 .debug_str     0x00088750        0x0 CMakeFiles/LED.dir/Drivers/STM32F1xx_HAL_Driver/Src/stm32f1xx_hal_rcc.c.obj
                              0x81fb0 (size before relaxing)
 .debug_str     0x00088750        0x0 CMakeFiles/LED.dir/Drivers/STM32F1xx_HAL_Driver/Src/stm32f1xx_hal_gpio.c.obj
                              0x81f07 (size before relaxing)
 .debug_str     0x00088750        0x0 CMakeFiles/LED.dir/Drivers/STM32F1xx_HAL_Driver/Src/stm32f1xx_hal_dma.c.obj
                              0x81f2a (size before relaxing)
 .debug_str     0x00088750        0x0 CMakeFiles/LED.dir/Drivers/STM32F1xx_HAL_Driver/Src/stm32f1xx_hal_cortex.c.obj
                              0x82200 (size before relaxing)
 .debug_str     0x00088750        0x0 CMakeFiles/LED.dir/startup_stm32f103xb.s.obj
                                 0xb6 (size before relaxing)

.debug_line_str
                0x00000000       0x9a
 .debug_line_str
                0x00000000       0x9a CMakeFiles/LED.dir/startup_stm32f103xb.s.obj
